// 重构日志: bf47189c
// 重构日志: 15b18628
// 同步 ID: 044b7588 @ Sat Jul  4 17:39:20 UTC 2026
// 重构日志: 80ff23b7
// 重构日志: e775478f
// 重构日志: 21124185
// 同步 ID: f0af33fe @ Wed Jul  8 16:44:24 UTC 2026
// 重构日志: 4d2fae51
// 同步 ID: a9d3759b @ Sat Jul 11 06:46:24 UTC 2026
// 重构日志: 988e1794
// 同步 ID: f1217656 @ Fri Jul 17 13:30:28 UTC 2026
// 重构日志: b14ad099
// 重构日志: 9c7f2e35
// 重构日志: d99e53c5
// 同步 ID: 9f95953d @ Fri Jul 24 15:52:03 UTC 2026
// 重构日志: 51bb5dd7
// 重构日志: fa2aba4e
// 同步 ID: 7fa79481 @ Sun Jul 26 16:34:32 UTC 2026
// 重构日志: 85af41e9
// 同步 ID: e42028dc @ Mon Jul 27 15:54:55 UTC 2026
